// Jest Snapshot v1, https://goo.gl/fbAQLP

exports[`renders 1`] = `
<div>
  <div
    class="App"
  >
    <h1>
      This is Header
    </h1>
    <div
      class="content-wrapper"
    >
      <div
        class="sidebar-wrapper"
      >
        <div
          class="sidebar"
        >
          <nav>
            <ul>
              <li>
                Commits
              </li>
              <li>
                Issues
              </li>
            </ul>
          </nav>
        </div>
      </div>
      <div
        class="content"
      >
        <div
          class="wrapper"
        >
          <h1>
            Issues
          </h1>
          <div
            class="selectFilter"
          >
            <select
              data-testid="selectFilterIssue"
              id="selectFilterIssue"
            >
              <option
                disabled=""
                hidden=""
                value=""
              >
                Show All
              </option>
              <option
                value="all"
              >
                Show all
              </option>
              <option
                value="opened"
              >
                Show open
              </option>
              <option
                value="closed"
              >
                Show closed
              </option>
            </select>
          </div>
          <div
            class="issueList"
          />
        </div>
        <div
          class="commits"
        >
          <p />
          <div
            class="chart"
          >
            <div
              class="recharts-responsive-container"
              style="width: 100%; height: 400px;"
            />
          </div>
        </div>
      </div>
    </div>
  </div>
</div>
`;
