// Jest Snapshot v1, https://goo.gl/fbAQLP

exports[`renders 1`] = `
<div>
  <div
    class="App"
  >
    <div
      class="header"
    >
      <h1>
        GitLab Statistics
      </h1>
    </div>
    <div
      class="content-wrapper"
    >
      <div
        class="sidebar-wrapper"
      >
        <div
          class="sidebar"
        >
          <nav>
            <ul>
              <li>
                Commits
              </li>
              <li>
                Issues
              </li>
            </ul>
          </nav>
        </div>
      </div>
      <div
        class="content"
      >
        <div
          class="wrapper"
        >
          <h2
            class="component-header"
          >
            Issues
          </h2>
          <p
            class="component-description"
          >
            Overview over all issues from the project, with the ability to filter between showing all, opened or closed issues. An issue has an issuenumber, title and labels. If you click on an issue the description will show up in a pop-up.
          </p>
          <div
            class="selectFilter"
          >
            <select
              data-testid="selectFilterIssue"
              id="selectFilterIssue"
            >
              <option
                disabled=""
                hidden=""
                value=""
              >
                Show All
              </option>
              <option
                value="all"
              >
                Show all
              </option>
              <option
                value="opened"
              >
                Show open
              </option>
              <option
                value="closed"
              >
                Show closed
              </option>
            </select>
          </div>
          <div
            class="issueList"
          />
        </div>
      </div>
    </div>
  </div>
</div>
`;
