// Jest Snapshot v1, https://goo.gl/fbAQLP

exports[`renders issues 1`] = `
<div
  className="wrapper"
>
  <h1>
    Issues
  </h1>
  <div
    className="selectFilter"
  >
    <select
      data-testid="selectFilterIssue"
      onChange={[Function]}
    >
      <option
        disabled={true}
        hidden={true}
        selected={true}
        value=""
      >
        
      </option>
      <option
        value="all"
      >
        Show all
      </option>
      <option
        value="opened"
      >
        Show open
      </option>
      <option
        value="closed"
      >
        Show closed
      </option>
    </select>
  </div>
  <div
    className="issueList"
  />
</div>
`;
