// Jest Snapshot v1, https://goo.gl/fbAQLP

exports[`renders issues 1`] = `
<div
  className="wrapper"
>
  <h2
    className="component-header"
  >
    Issues
  </h2>
  <p
    className="component-description"
  >
    Overview over all issues from the project, with the ability to filter between showing all, opened or closed issues. An issue has an issuenumber, title and labels. If you click on an issue the description will show up in a pop-up.
  </p>
  <div
    className="selectFilter"
  >
    <select
      data-testid="selectFilterIssue"
      id="selectFilterIssue"
      onChange={[Function]}
    >
      <option
        disabled={true}
        hidden={true}
        selected={true}
        value=""
      >
        
      </option>
      <option
        value="all"
      >
        Show all
      </option>
      <option
        value="opened"
      >
        Show open
      </option>
      <option
        value="closed"
      >
        Show closed
      </option>
    </select>
  </div>
  <div
    className="issueList"
  />
</div>
`;
